../Core/Src/main.c:84:5:main	40	static
../Core/Src/main.c:164:9:dec_to_bcd	16	static
../Core/Src/main.c:169:5:bcd_to_dec	16	static
../Core/Src/main.c:174:19:set_time	48	static
../Core/Src/main.c:187:19:get_time	32	static
../Core/Src/main.c:201:7:get_temp	40	static
../Core/Src/main.c:208:6:force_temp_conv	32	static
../Core/Src/main.c:227:6:SystemClock_Config	96	static
../Core/Src/main.c:271:13:MX_I2C1_Init	8	static
../Core/Src/main.c:319:13:MX_USART2_UART_Init	8	static
../Core/Src/main.c:354:13:MX_GPIO_Init	24	static
../Core/Src/main.c:372:6:Error_Handler	4	static,ignoring_inline_asm
